// Jest Snapshot v1, https://goo.gl/fbAQLP

exports[`EnableButton.tsx should correctly render 1`] = `
.emotion-0 {
  background-color: #007AAE;
  border: none;
  box-shadow: 4px 4px 4px rgba(0, 0, 0, 0.25);
  color: #ffffff;
  font-size: 14px;
  font-weight: 700;
  height: 30px;
  min-width: 80px;
}

.emotion-0:hover {
  background-color: #005b82;
}

<div>
  <button
    class="emotion-0"
  >
    Sample
  </button>
</div>
`;
