// Jest Snapshot v1, https://goo.gl/fbAQLP

exports[`StatusText.tsx should correctly render 1`] = `
.emotion-0 {
  -webkit-align-items: center;
  -webkit-box-align: center;
  -ms-flex-align: center;
  align-items: center;
  background-color: #C4C4C4;
  display: -webkit-box;
  display: -webkit-flex;
  display: -ms-flexbox;
  display: flex;
  -webkit-box-pack: center;
  -ms-flex-pack: center;
  -webkit-justify-content: center;
  justify-content: center;
  height: 24px;
  width: 80px;
}

.emotion-1 {
  color: #6A6A6A;
  font-size: 14px;
  font-weight: 700;
}

<div>
  <div
    class="emotion-0"
  >
    <span
      class="emotion-1"
    >
      Sample
    </span>
  </div>
</div>
`;
