// Jest Snapshot v1, https://goo.gl/fbAQLP

exports[`PostList.spec.tsx should correctly render 1`] = `
.emotion-0 {
  list-style: none;
  padding: 0;
}

.emotion-0 li {
  margin-bottom: 6px;
}

.emotion-1 {
  -webkit-align-items: center;
  -webkit-box-align: center;
  -ms-flex-align: center;
  align-items: center;
  background-color: #FCFCFC;
  border-radius: 6px;
  display: -webkit-box;
  display: -webkit-flex;
  display: -ms-flexbox;
  display: flex;
  -webkit-filter: drop-shadow(0px 4px 4px rgba(0, 0, 0, 0.25));
  filter: drop-shadow(0px 4px 4px rgba(0, 0, 0, 0.25));
  -webkit-box-pack: center;
  -ms-flex-pack: center;
  -webkit-justify-content: center;
  justify-content: center;
  padding: 20px;
}

.emotion-2 input {
  display: none;
}

.emotion-2 input+label:before {
  border: 2px solid;
  border-color: #2d2d2d;
  box-sizing: border-box;
  content: '';
  display: block;
  height: 24px;
  width: 24px;
}

.emotion-2 input:checked+label:after {
  box-sizing: border-box;
  content: '';
  display: block;
  width: 18px;
  height: 9px;
  margin-top: -9px;
  top: 28px;
  left: 20px;
  border-bottom: 3px solid;
  border-left: 3px solid;
  border-color: #007AAE;
  position: absolute;
  -webkit-transform: rotate(-45deg);
  -moz-transform: rotate(-45deg);
  -ms-transform: rotate(-45deg);
  transform: rotate(-45deg);
}

.emotion-3 {
  margin-left: 16px;
}

.emotion-4 {
  color: #007AAE;
  cursor: pointer;
  font-size: 24px;
  font-weight: 600;
}

.emotion-5 {
  color: #2d2d2d;
  font-size: 14px;
}

.emotion-6 {
  color: #007AAE;
  cursor: pointer;
  font-size: 14px;
  font-weight: 600;
}

.emotion-7 {
  color: #2d2d2d;
  font-size: 14px;
  margin-left: 10px;
}

.emotion-8 {
  margin-top: auto;
  margin-left: auto;
}

.emotion-9 {
  -webkit-align-items: center;
  -webkit-box-align: center;
  -ms-flex-align: center;
  align-items: center;
  background-color: #C4C4C4;
  display: -webkit-box;
  display: -webkit-flex;
  display: -ms-flexbox;
  display: flex;
  -webkit-box-pack: center;
  -ms-flex-pack: center;
  -webkit-justify-content: center;
  justify-content: center;
  height: 24px;
  width: 80px;
}

.emotion-10 {
  color: #6A6A6A;
  font-size: 14px;
  font-weight: 700;
}

<div>
  <ul
    class="emotion-0"
  >
    <li>
      <div
        class="emotion-1"
      >
        <div
          class="emotion-2"
        >
          <input
            readonly=""
            type="checkbox"
          />
          <label
            data-testid="postItem-checkbox"
          />
        </div>
        <div
          class="emotion-3"
        >
          <a
            class="emotion-4"
          >
            〇〇は結婚していた？彼女の名前は××？
          </a>
          <div>
            <span
              class="emotion-5"
            >
              Created by
               
              <a
                class="emotion-6"
              >
                jiko21
              </a>
            </span>
            <span
              class="emotion-7"
            >
              Last modified 
              12/11/2020, 10:00:00 AM
            </span>
          </div>
        </div>
        <div
          class="emotion-8"
        >
          <div
            class="emotion-9"
          >
            <span
              class="emotion-10"
            >
              公開中
            </span>
          </div>
        </div>
      </div>
    </li>
    <li>
      <div
        class="emotion-1"
      >
        <div
          class="emotion-2"
        >
          <input
            readonly=""
            type="checkbox"
          />
          <label
            data-testid="postItem-checkbox"
          />
        </div>
        <div
          class="emotion-3"
        >
          <a
            class="emotion-4"
          >
            〇〇は結婚していた？彼女の名前は××？
          </a>
          <div>
            <span
              class="emotion-5"
            >
              Created by
               
              <a
                class="emotion-6"
              >
                jiko21
              </a>
            </span>
            <span
              class="emotion-7"
            >
              Last modified 
              12/11/2020, 10:00:00 AM
            </span>
          </div>
        </div>
        <div
          class="emotion-8"
        >
          <div
            class="emotion-9"
          >
            <span
              class="emotion-10"
            >
              未公開
            </span>
          </div>
        </div>
      </div>
    </li>
  </ul>
</div>
`;
